// Jest Snapshot v1, https://goo.gl/fbAQLP

exports[`ProfileToolbarComponent should render 1`] = `
<omnia-profile-toolbar
  __ngContext__={[Function Number]}
>
  <mat-toolbar
    class="mat-toolbar toolbar mat-toolbar-single-row"
  >
    <div
      class="toolbar__profile"
    >
      <img
        class="toolbar__avatar"
        src="https://lh3.googleusercontent.com/a-/AOh14GhmDJm8U1PpNgy_p9CsOeXrQkT8LEv7Mjv8woNdv08=s96-c"
      />
      <span>
        John Doe
      </span>
      <button
        aria-haspopup="menu"
        aria-label="Open profile menu"
        class="mat-focus-indicator mat-menu-trigger mat-icon-button mat-button-base"
        mat-icon-button=""
      >
        <span
          class="mat-button-wrapper"
        >
          <mat-icon
            aria-hidden="true"
            class="mat-icon notranslate material-icons mat-ligature-font mat-icon-no-color"
            data-mat-icon-type="font"
            role="img"
          >
            keyboard_arrow_down
          </mat-icon>
        </span>
        <span
          class="mat-ripple mat-button-ripple mat-button-ripple-round"
          matripple=""
        />
        <span
          class="mat-button-focus-overlay"
        />
      </button>
      <mat-menu>
      </mat-menu>
    </div>
  </mat-toolbar>
</omnia-profile-toolbar>
`;
