// Jest Snapshot v1, https://goo.gl/fbAQLP

exports[`ProfileToolbarComponent should render 1`] = `
<sr-profile-toolbar
  __ngContext__={[Function Number]}
>
  <mat-toolbar
    class="mat-toolbar toolbar mat-toolbar-single-row"
  >
    <div
      class="toolbar__profile"
    >
      <img
        class="toolbar__avatar"
        src="https://i.pinimg.com/280x280_RS/a9/7d/6f/a97d6f224a5526c8a49eedc19f0a73c4.jpg"
      />
      <span>
        John Doe
      </span>
      <button
        aria-expanded="false"
        aria-haspopup="menu"
        aria-label="Open profile menu"
        class="mat-mdc-menu-trigger mdc-icon-button mat-mdc-icon-button mat-unthemed mat-mdc-button-base"
        mat-icon-button=""
      >
        <span
          class="mat-mdc-button-persistent-ripple mdc-icon-button__ripple"
        />
        <mat-icon
          aria-hidden="true"
          class="mat-icon notranslate material-icons mat-ligature-font mat-icon-no-color"
          data-mat-icon-type="font"
          role="img"
        >
          keyboard_arrow_down
        </mat-icon>
        <span
          class="mat-mdc-focus-indicator"
        />
        <span
          class="mat-ripple mat-mdc-button-ripple"
          matripple=""
        />
        <span
          class="mat-mdc-button-touch-target"
        />
      </button>
      <mat-menu>
      </mat-menu>
    </div>
  </mat-toolbar>
</sr-profile-toolbar>
`;
