// Jest Snapshot v1, https://goo.gl/fbAQLP

exports[`CompetitorsDialogComponent should render the competitors 1`] = `
<sr-competitors-dialog
  __ngContext__={[Function Number]}
  data={[Function Object]}
  trackById={[Function Function]}
>
  <h1
    class="mat-dialog-title"
    mat-dialog-title=""
  >
    Competitors for Category 1
  </h1><div
    class="mat-dialog-content"
    mat-dialog-content=""
  >
    <mat-progress-spinner
      aria-valuemax="100"
      aria-valuemin="0"
      aria-valuenow="75"
      class="mat-progress-spinner mat-spinner mat-primary mat-progress-spinner-indeterminate-animation"
      color="primary"
      mode="determinate"
      role="progressbar"
      style="width: 100px; height: 100px;"
      tabindex="-1"
    >
      <svg
        aria-hidden="true"
        focusable="false"
        preserveAspectRatio="xMidYMid meet"
        style="width: 100px; height: 100px;"
        viewBox="0 0 100 100"
      >
        <circle
          cx="50%"
          cy="50%"
          r="45"
          style="stroke-dashoffset: 70.68583470577035px; stroke-dasharray: 282.7433388230814px; stroke-width: 10%; transform-origin: 50% 50%;"
        />
      </svg>
    </mat-progress-spinner>
  </div>
</sr-competitors-dialog>
`;
