// Jest Snapshot v1, https://goo.gl/fbAQLP

exports[`ProductCardComponent should render the product  1`] = `
<omnia-product-card
  __ngContext__={[Function Number]}
  product={[Function Object]}
>
  <mat-card
    class="mat-card mat-focus-indicator card mat-elevation-z3"
    tabindex="0"
  >
    <img
      alt="Photo of Product 1"
      class="mat-card-image card__image"
      mat-card-image=""
      src="https://www.example.com"
    />
    <p
      class="card__price-container"
    >
      <span
        class="price"
      >
        $1
      </span>
    </p>
    <mat-card-header
      class="mat-card-header card__header"
    >
      <div
        class="mat-card-header-text"
      >
        <mat-card-title
          aria-describedby="cdk-describedby-message-a-7-8"
          cdk-describedby-host="a-7"
          class="mat-card-title mat-tooltip-trigger card__title"
        >
          Product 1
        </mat-card-title>
      </div>
    </mat-card-header>
    <mat-card-content
      class="mat-card-content card__content"
      fxlayout="row nowrap"
      fxlayoutalign="start center"
      fxlayoutgap="2rem"
    >
      <div>
        <p>
          Retailer
        </p>
        <p>
          GTIN
        </p>
      </div>
      <div>
        <p>
          Retailer 1
        </p>
        <p>
          SKU 1
        </p>
      </div>
    </mat-card-content>
  </mat-card>
</omnia-product-card>
`;
