// Jest Snapshot v1, https://goo.gl/fbAQLP

exports[`ProductCardComponent should render the product  1`] = `
<omnia-product-card
  __ngContext__={[Function Number]}
  product={[Function Object]}
>
  <mat-card
    class="mat-card mat-focus-indicator card mat-elevation-z8"
    tabindex="0"
  >
    <img
      alt="Photo of a Shiba Inu"
      class="mat-card-image"
      mat-card-image=""
      src="https://material.angular.io/assets/img/examples/shiba2.jpg"
    />
    <mat-card-header
      class="mat-card-header"
    >
      <div
        class="mat-card-avatar example-header-image"
        mat-card-avatar=""
      />
      <div
        class="mat-card-header-text"
      >
        <mat-card-title
          class="mat-card-title"
        >
          Product 1
        </mat-card-title>
        <mat-card-subtitle
          class="mat-card-subtitle"
        >
          Dog Breed
        </mat-card-subtitle>
      </div>
    </mat-card-header>
    <mat-card-content
      class="mat-card-content"
    >
      <p>
         The Shiba Inu is the smallest of the six original and distinct spitz breeds of dog from Japan. A small, agile dog that copes very well with mountainous terrain, the Shiba Inu was originally bred for hunting. 
      </p>
    </mat-card-content>
    <mat-card-actions
      class="mat-card-actions"
    >
      <button
        class="mat-focus-indicator mat-button mat-button-base"
        mat-button=""
      >
        <span
          class="mat-button-wrapper"
        >
          LIKE
        </span>
        <span
          class="mat-ripple mat-button-ripple"
          matripple=""
        />
        <span
          class="mat-button-focus-overlay"
        />
      </button>
      <button
        class="mat-focus-indicator mat-button mat-button-base"
        mat-button=""
      >
        <span
          class="mat-button-wrapper"
        >
          SHARE
        </span>
        <span
          class="mat-ripple mat-button-ripple"
          matripple=""
        />
        <span
          class="mat-button-focus-overlay"
        />
      </button>
    </mat-card-actions>
  </mat-card>
</omnia-product-card>
`;
