// Jest Snapshot v1, https://goo.gl/fbAQLP

exports[`#toProductsByPrice should return a ProductByPrice 1`] = `
[
  {
    "id": "0",
    "name": "Product 0",
    "price": {
      "price": 1,
      "retailer": {
        "name": "Amazon",
      },
    },
    "sku": "SKU-0",
    "url": "https://product-0.com",
  },
  {
    "id": "1",
    "name": "Product 1",
    "price": {
      "price": 1,
      "retailer": {
        "name": "Amazon",
      },
    },
    "sku": "SKU-1",
    "url": "https://product-1.com",
  },
]
`;
