// Jest Snapshot v1, https://goo.gl/fbAQLP

exports[`LayoutFeatureComponent should render 1`] = `
<sr-layout-feature
  __ngContext__={[Function Number]}
>
  <mat-sidenav-container
    class="mat-drawer-container mat-sidenav-container"
    fullscreen=""
  >
    <div
      class="mat-drawer-backdrop"
    />
    <div
      aria-hidden="true"
      class="cdk-visually-hidden cdk-focus-trap-anchor"
    />
    <mat-sidenav
      class="mat-drawer mat-sidenav ng-trigger ng-trigger-transform mat-drawer-over"
      style="box-shadow:none;visibility:hidden;0:box-shadow;1:visibility;"
      tabindex="-1"
    >
      <div
        cdkscrollable=""
        class="mat-drawer-inner-container"
      >
        <sr-navigation-bar
          class="nav-bar"
        >
          <nav
            class="nav-container"
          >
            <mat-nav-list
              aria-disabled="false"
              class="mat-mdc-nav-list mat-mdc-list-base mdc-list nav-container__list"
              role="navigation"
            >
              <a
                aria-disabled="false"
                class="mat-mdc-list-item mdc-list-item nav-bar__item _mat-animation-noopable mat-mdc-list-item-single-line mdc-list-item--with-one-line"
                href="/products"
                mat-list-item=""
              >
                <span
                  class="mdc-list-item__content"
                >
                  <span
                    class="mat-mdc-list-item-unscoped-content mdc-list-item__primary-text"
                  >
                    <mat-icon
                      aria-hidden="true"
                      class="mat-icon notranslate nav-bar__icon material-icons mat-ligature-font mat-icon-no-color"
                      data-mat-icon-type="font"
                      role="img"
                    >
                      local_grocery_store
                    </mat-icon>
                    <span>
                      Products
                    </span>
                  </span>
                </span>
                <div
                  class="mat-mdc-focus-indicator"
                />
              </a>
              <a
                aria-disabled="false"
                class="mat-mdc-list-item mdc-list-item nav-bar__item _mat-animation-noopable mat-mdc-list-item-single-line mdc-list-item--with-one-line"
                href="/products/create"
                mat-list-item=""
              >
                <span
                  class="mdc-list-item__content"
                >
                  <span
                    class="mat-mdc-list-item-unscoped-content mdc-list-item__primary-text"
                  >
                    <mat-icon
                      aria-hidden="true"
                      class="mat-icon notranslate nav-bar__icon material-icons mat-ligature-font mat-icon-no-color"
                      data-mat-icon-type="font"
                      role="img"
                    >
                      library_add
                    </mat-icon>
                    <span>
                      Create product
                    </span>
                  </span>
                </span>
                <div
                  class="mat-mdc-focus-indicator"
                />
              </a>
            </mat-nav-list>
          </nav>
        </sr-navigation-bar>
      </div>
    </mat-sidenav>
    <div
      aria-hidden="true"
      class="cdk-visually-hidden cdk-focus-trap-anchor"
    />
    <mat-sidenav-content
      class="mat-drawer-content mat-sidenav-content"
    >
      <mat-drawer-container
        class="mat-drawer-container drawer"
      >
        <div
          class="mat-drawer-backdrop"
        />
        <div
          aria-hidden="true"
          class="cdk-visually-hidden cdk-focus-trap-anchor"
        />
        <mat-drawer
          class="mat-drawer drawer__sidebar ng-trigger ng-trigger-transform mat-drawer-side mat-drawer-opened"
          fxhide.lt-lg=""
          mode="side"
          opened=""
          style="transform:none;visibility:visible;0:transform;1:visibility;"
          tabindex="-1"
        >
          <div
            cdkscrollable=""
            class="mat-drawer-inner-container"
          >
            <button
              class="drawer__trigger mdc-icon-button mat-mdc-icon-button _mat-animation-noopable mat-unthemed mat-mdc-button-base"
              mat-icon-button=""
            >
              <span
                class="mat-mdc-button-persistent-ripple mdc-icon-button__ripple"
              />
              <mat-icon
                aria-hidden="false"
                aria-label="Menu icon"
                class="mat-icon notranslate material-icons mat-ligature-font mat-icon-no-color"
                data-mat-icon-name="menu"
                data-mat-icon-type="font"
                fonticon="menu"
                role="img"
              />
              <span
                class="mat-mdc-focus-indicator"
              />
              <span
                class="mat-ripple mat-mdc-button-ripple"
                matripple=""
              />
              <span
                class="mat-mdc-button-touch-target"
              />
            </button>
          </div>
        </mat-drawer>
        <div
          aria-hidden="true"
          class="cdk-visually-hidden cdk-focus-trap-anchor"
        />
        <mat-drawer-content
          class="mat-drawer-content"
          color="accent"
        >
          <header>
            <sr-profile-toolbar>
              <mat-toolbar
                class="mat-toolbar toolbar mat-toolbar-single-row"
              >
                <button
                  class="drawer__trigger mdc-icon-button mat-mdc-icon-button _mat-animation-noopable mat-unthemed mat-mdc-button-base"
                  fxhide.gt-md=""
                  mat-icon-button=""
                >
                  <span
                    class="mat-mdc-button-persistent-ripple mdc-icon-button__ripple"
                  />
                  <mat-icon
                    aria-hidden="false"
                    aria-label="Menu icon"
                    class="mat-icon notranslate material-icons mat-ligature-font mat-icon-no-color"
                    data-mat-icon-name="menu"
                    data-mat-icon-type="font"
                    fonticon="menu"
                    role="img"
                  />
                  <span
                    class="mat-mdc-focus-indicator"
                  />
                  <span
                    class="mat-ripple mat-mdc-button-ripple"
                    matripple=""
                  />
                  <span
                    class="mat-mdc-button-touch-target"
                  />
                </button>
                <div
                  class="toolbar__profile"
                >
                  <img
                    class="toolbar__avatar"
                    src="https://i.pinimg.com/280x280_RS/a9/7d/6f/a97d6f224a5526c8a49eedc19f0a73c4.jpg"
                  />
                  <span>
                    John Doe
                  </span>
                  <button
                    aria-expanded="false"
                    aria-haspopup="menu"
                    aria-label="Open profile menu"
                    class="mat-mdc-menu-trigger mdc-icon-button mat-mdc-icon-button _mat-animation-noopable mat-unthemed mat-mdc-button-base"
                    mat-icon-button=""
                  >
                    <span
                      class="mat-mdc-button-persistent-ripple mdc-icon-button__ripple"
                    />
                    <mat-icon
                      aria-hidden="true"
                      class="mat-icon notranslate material-icons mat-ligature-font mat-icon-no-color"
                      data-mat-icon-type="font"
                      role="img"
                    >
                      keyboard_arrow_down
                    </mat-icon>
                    <span
                      class="mat-mdc-focus-indicator"
                    />
                    <span
                      class="mat-ripple mat-mdc-button-ripple"
                      matripple=""
                    />
                    <span
                      class="mat-mdc-button-touch-target"
                    />
                  </button>
                  <mat-menu>
                  </mat-menu>
                </div>
              </mat-toolbar>
            </sr-profile-toolbar>
          </header>
          <main
            class="content"
          >
            <router-outlet />
          </main>
        </mat-drawer-content>
      </mat-drawer-container>
    </mat-sidenav-content>
  </mat-sidenav-container>
</sr-layout-feature>
`;
