// Jest Snapshot v1, https://goo.gl/fbAQLP

exports[`NavigationBarComponent should render 1`] = `
<sr-navigation-bar
  __ngContext__={[Function Number]}
>
  <nav
    class="nav-container"
  >
    <mat-nav-list
      aria-disabled="false"
      class="mat-mdc-nav-list mat-mdc-list-base mdc-list nav-container__list"
      role="navigation"
    />
  </nav>
</sr-navigation-bar>
`;
